[html.rometheme.pro/goodsound/index04b9.html]
[html.rometheme.pro/goodsound/css/style.css]
[backblue.gif]
[fade.gif]
[index.html]
[html.rometheme.pro/goodsound/js/vendor/bootstrap.bundle.min.js]
[html.rometheme.pro/goodsound/js/vendor/jquery.min.js]
[html.rometheme.pro/goodsound/js/vendor/swiper-bundle.min.js]
[html.rometheme.pro/goodsound/js/script.js]
[html.rometheme.pro/goodsound/js/swiper-script.js]
[html.rometheme.pro/goodsound/js/submit-form.js]
[html.rometheme.pro/goodsound/js/vendor/isotope.pkgd.min.js]
[html.rometheme.pro/goodsound/js/video_embedded.js]
[html.rometheme.pro/goodsound/index.html]
[html.rometheme.pro/goodsound/image/logo.png]
[html.rometheme.pro/goodsound/about_us.html]
[html.rometheme.pro/goodsound/podcasts.html]
[html.rometheme.pro/goodsound/team.html]
[html.rometheme.pro/goodsound/gallery.html]
[html.rometheme.pro/goodsound/pricing.html]
[html.rometheme.pro/goodsound/faq.html]
[html.rometheme.pro/goodsound/404.html]
[html.rometheme.pro/goodsound/blog.html]
[html.rometheme.pro/goodsound/single_post.html]
[html.rometheme.pro/goodsound/contact.html]
[html.rometheme.pro/goodsound/image/image-1920x900-1.jpg]
[html.rometheme.pro/goodsound/image/image-600x400-1.jpg]
[html.rometheme.pro/goodsound/image/image-600x400-2.jpg]
[html.rometheme.pro/goodsound/image/image-600x400-3.jpg]
[html.rometheme.pro/goodsound/image/youtube.png]
[html.rometheme.pro/goodsound/image/spotify.png]
[html.rometheme.pro/goodsound/image/google_podcast.png]
[html.rometheme.pro/goodsound/image/image-600x700-1.jpg]
[html.rometheme.pro/goodsound/image/image-600x700-2.jpg]
[html.rometheme.pro/goodsound/image/image-600x700-3.jpg]
[html.rometheme.pro/goodsound/image/image-600x700-4.jpg]
[html.rometheme.pro/goodsound/image/image-1920x900-2.jpg]
[html.rometheme.pro/goodsound/image/image-400x400-1.jpg]
[html.rometheme.pro/goodsound/image/image-400x400-2.jpg]
[html.rometheme.pro/goodsound/image/image-400x400-3.jpg]
[html.rometheme.pro/goodsound/image/image-600x500-1.jpg]
[html.rometheme.pro/goodsound/image/image-600x500-2.jpg]
[html.rometheme.pro/goodsound/image/image-600x500-3.jpg]
[html.rometheme.pro/goodsound/image/image-600x500-4.jpg]
[html.rometheme.pro/goodsound/image/image-600x500-5.jpg]
[html.rometheme.pro/goodsound/image/image-600x500-6.jpg]
[html.rometheme.pro/goodsound/image/image-1920x900-3.jpg]
[html.rometheme.pro/goodsound/image/logo-ipsum-1.png]
[html.rometheme.pro/goodsound/image/logo-ipsum-2.png]
[html.rometheme.pro/goodsound/image/logo-ipsum-3.png]
[html.rometheme.pro/goodsound/image/logo-ipsum-4.png]
[html.rometheme.pro/goodsound/image/logo-ipsum-5.png]
[html.rometheme.pro/goodsound/image/logo-ipsum-6.png]
[html.rometheme.pro/goodsound/image/image-1920x900-4.jpg]
[html.rometheme.pro/goodsound/index04b9.html]
[html.rometheme.pro/goodsound/css/vendor/bootstrap.min.css]
[html.rometheme.pro/goodsound/css/vendor/fontawesome.css]
[html.rometheme.pro/goodsound/css/vendor/brands.css]
[html.rometheme.pro/goodsound/css/vendor/regular.css]
[html.rometheme.pro/goodsound/css/vendor/solid.css]
[html.rometheme.pro/goodsound/css/vendor/swiper-bundle.min.css]
[html.rometheme.pro/goodsound/image/texture.png]
[html.rometheme.pro/goodsound/css/style.css]
[html.rometheme.pro/goodsound/index.html]
[html.rometheme.pro/goodsound/about_us.html]
[html.rometheme.pro/goodsound/image/soundcloud.png]
[html.rometheme.pro/goodsound/podcasts.html]
[html.rometheme.pro/goodsound/image/image-600x700-8.jpg]
[html.rometheme.pro/goodsound/image/signature.png]
[html.rometheme.pro/goodsound/image/image-600x700-5.jpg]
[html.rometheme.pro/goodsound/image/image-600x700-6.jpg]
[html.rometheme.pro/goodsound/image/image-600x700-7.jpg]
[html.rometheme.pro/goodsound/team.html]
[html.rometheme.pro/goodsound/image/image-600x500-7.jpg]
[html.rometheme.pro/goodsound/image/image-600x500-8.jpg]
[html.rometheme.pro/goodsound/image/image-600x500-9.jpg]
[html.rometheme.pro/goodsound/image/image-600x500-10.jpg]
[html.rometheme.pro/goodsound/image/image-600x500-11.jpg]
[html.rometheme.pro/goodsound/gallery.html]
[html.rometheme.pro/goodsound/js/vendor/fslightbox.js]
[html.rometheme.pro/goodsound/pricing.html]
[html.rometheme.pro/goodsound/image/image-600x700-9.jpg]
[html.rometheme.pro/goodsound/faq.html]
[html.rometheme.pro/goodsound/404.html]
[html.rometheme.pro/goodsound/blog.html]
[html.rometheme.pro/goodsound/image/image-600x500-12.jpg]
[html.rometheme.pro/goodsound/single_post.html]
[html.rometheme.pro/goodsound/contact.html]
[html.rometheme.pro/goodsound/css/vendor/bootstrap.min.css]
[html.rometheme.pro/goodsound/css/vendor/fontawesome.css]
[html.rometheme.pro/goodsound/font/fa-brands-400.woff2]
[html.rometheme.pro/goodsound/css/vendor/brands.css]
[html.rometheme.pro/goodsound/font/fa-brands-400.ttf]
[html.rometheme.pro/goodsound/font/fa-regular-400.woff2]
[html.rometheme.pro/goodsound/css/vendor/regular.css]
[html.rometheme.pro/goodsound/font/fa-regular-400.ttf]
[html.rometheme.pro/goodsound/font/fa-solid-900.woff2]
[html.rometheme.pro/goodsound/css/vendor/solid.css]
[html.rometheme.pro/goodsound/css/vendor/swiper-bundle.min.css]
[html.rometheme.pro/goodsound/font/fa-solid-900.ttf]
